// Jest Snapshot v1, https://goo.gl/fbAQLP

exports[`Pruebas en <FirstApp />  debe hacer amtch con el snapshot 1`] = `
<div>
  <h1
    data-testid="test-title"
  >
    Hola, soy Goku
  </h1>
  <p>
    Soy un subtitulo
  </p>
  <p>
    Soy un subtitulo
  </p>
  <p>
    Alvaro Tapia
  </p>
</div>
`;
